------------------------------------------------------------
TimeQuest Timing Analyzer Summary
------------------------------------------------------------

Type  : Slow 1100mV 85C Model Setup 'I_processor_clock'
Slack : -2.777
TNS   : -74.589

Type  : Slow 1100mV 85C Model Hold 'I_processor_clock'
Slack : 0.525
TNS   : 0.000

Type  : Slow 1100mV 85C Model Minimum Pulse Width 'I_processor_clock'
Slack : -3.166
TNS   : -206.667

Type  : Slow 1100mV 0C Model Setup 'I_processor_clock'
Slack : -2.987
TNS   : -77.027

Type  : Slow 1100mV 0C Model Hold 'I_processor_clock'
Slack : 0.520
TNS   : 0.000

Type  : Slow 1100mV 0C Model Minimum Pulse Width 'I_processor_clock'
Slack : -3.166
TNS   : -206.401

Type  : Fast 1100mV 85C Model Setup 'I_processor_clock'
Slack : -0.764
TNS   : -14.483

Type  : Fast 1100mV 85C Model Hold 'I_processor_clock'
Slack : 0.230
TNS   : 0.000

Type  : Fast 1100mV 85C Model Minimum Pulse Width 'I_processor_clock'
Slack : -2.174
TNS   : -116.619

Type  : Fast 1100mV 0C Model Setup 'I_processor_clock'
Slack : -0.742
TNS   : -12.658

Type  : Fast 1100mV 0C Model Hold 'I_processor_clock'
Slack : 0.204
TNS   : 0.000

Type  : Fast 1100mV 0C Model Minimum Pulse Width 'I_processor_clock'
Slack : -2.174
TNS   : -116.662

------------------------------------------------------------
